# MARTINI force field
# Coarse-Grained model for proteins
# Topology information extracted from:
# Monticelli et al. J Chem Theory Comput, 2008, 4, 819

# Title: ALA
>CGRES
CGNAME   ALA
ALLNAME  ALA
MAP CA   => BB

# Title: GLY
>CGRES
CGNAME   GLY
ALLNAME  GLY
MAP CA   => BB

# Title: ARG
>CGRES
CGNAME   ARG
ALLNAME  ARG
MAP CA   => BB
MAP CG   => S1
MAP NE   => S2

# Title: ASN
>CGRES
CGNAME   ASN
ALLNAME  ASN
MAP CA   => BB
MAP CG   => S1

# Title: ASP
>CGRES
CGNAME   ASP
ALLNAME  ASP
MAP CA   => BB
MAP CG   => S1

# Title: CYS
>CGRES
CGNAME   CYS
ALLNAME  CYS
MAP CA   => BB
MAP SG   => S1

# Title: GLN
>CGRES
CGNAME   GLN
ALLNAME  GLN
MAP CA   => BB
MAP CB   => S1

# Title: GLU
>CGRES
CGNAME   GLU
ALLNAME  GLU
MAP CA   => BB
MAP CB   => S1

# Title: HIS
>CGRES
CGNAME   HIS
ALLNAME  HIS
MAP CA   => BB
MAP CB   => S1
MAP ND1  => S2
MAP NE2  => S3

# Title: ILE
>CGRES
CGNAME   ILE
ALLNAME  ILE
MAP CA     => BB
MAP CD CD1 => S1

# Title: LEU
>CGRES
CGNAME   LEU
ALLNAME  LEU
MAP CA   => BB
MAP CG   => S1

# Title: LYS
>CGRES
CGNAME   LYS
ALLNAME  LYS
MAP CA   => BB
MAP CG   => S1
MAP CE   => S2

# Title: MET
>CGRES
CGNAME   MET
ALLNAME  MET
MAP CA   => BB
MAP CG   => S1

# Title: PHE
>CGRES
CGNAME   PHE
ALLNAME  PHE
MAP CA   => BB
MAP CG   => S1
MAP CE1  => S2
MAP CE2  => S3

# Title: PRO
>CGRES
CGNAME   PRO
ALLNAME  PRO
MAP CA   => BB
MAP CG   => S1

# Title: SER
>CGRES
CGNAME   SER
ALLNAME  SER
MAP CA   => BB
MAP CB   => S1

# Title: THR
>CGRES
CGNAME   THR
ALLNAME  THR
MAP CA   => BB
MAP CB   => S1

# Title: TRP
>CGRES
CGNAME   TRP
ALLNAME  TRP
MAP CA   => BB
MAP CD1  => S1
MAP CD2  => S2
MAP CE2  => S3
MAP CH2  => S4

# Title: TYR
>CGRES
CGNAME   TYR
ALLNAME  TYR
MAP CA   => BB
MAP CG   => S1
MAP CE1  => S2
MAP CE2  => S3

# Title: VAL
>CGRES
CGNAME   VAL
ALLNAME  VAL
MAP CA   => BB
MAP CB   => S1
